---
source: src/parser.rs
expression: "number_expr(\"123.123\".into())"
---
Ok(
    (
        LocatedSpan {
            offset: 7,
            line: 1,
            fragment: "",
            extra: (),
        },
        Ast {
            node: Literal(
                Float(
                    123.123,
                ),
            ),
            span: LocatedSpan {
                offset: 0,
                line: 1,
                fragment: "123.123",
                extra: (),
            },
        },
    ),
)
