---
source: src/parser.rs
expression: "ident_expr(\"12haha\".into())"
---
Err(
    Error(
        VerboseError {
            errors: [
                (
                    LocatedSpan {
                        offset: 0,
                        line: 1,
                        fragment: "12haha",
                        extra: (),
                    },
                    Nom(
                        Alpha,
                    ),
                ),
                (
                    LocatedSpan {
                        offset: 0,
                        line: 1,
                        fragment: "12haha",
                        extra: (),
                    },
                    Context(
                        "Identifier",
                    ),
                ),
            ],
        },
    ),
)
