---
source: src/parser.rs
expression: "fn_statement(\"fn missing_block_start()  123; }\".into())"
---
Err(
    Failure(
        Stack {
            base: Base {
                location: LocatedSpan {
                    offset: 26,
                    line: 1,
                    fragment: "123; }",
                    extra: (),
                },
                kind: Expected(
                    Char(
                        '{',
                    ),
                ),
            },
            contexts: [
                (
                    LocatedSpan {
                        offset: 24,
                        line: 1,
                        fragment: "  123; }",
                        extra: (),
                    },
                    Context(
                        "Function body",
                    ),
                ),
                (
                    LocatedSpan {
                        offset: 0,
                        line: 1,
                        fragment: "fn missing_block_start()  123; }",
                        extra: (),
                    },
                    Context(
                        "Function declaration",
                    ),
                ),
            ],
        },
    ),
)
