---
source: src/parser.rs
expression: "fn_statement(\"fn invalid_argument(123, b) { let c = 123; }\".into())"
---
Err(
    Failure(
        Stack {
            base: Base {
                location: LocatedSpan {
                    offset: 20,
                    line: 1,
                    fragment: "123, b) { let c = 123; }",
                    extra: (),
                },
                kind: Expected(
                    Char(
                        ')',
                    ),
                ),
            },
            contexts: [
                (
                    LocatedSpan {
                        offset: 19,
                        line: 1,
                        fragment: "(123, b) { let c = 123; }",
                        extra: (),
                    },
                    Context(
                        "Function arguments",
                    ),
                ),
                (
                    LocatedSpan {
                        offset: 0,
                        line: 1,
                        fragment: "fn invalid_argument(123, b) { let c = 123; }",
                        extra: (),
                    },
                    Context(
                        "Function declaration",
                    ),
                ),
            ],
        },
    ),
)
