---
source: src/parser.rs
expression: "keyword(\"true\").parse(\"true_\".into())"
---
Err(
    Error(
        Stack {
            base: Base {
                location: LocatedSpan {
                    offset: 4,
                    line: 1,
                    fragment: "_",
                    extra: (),
                },
                kind: Kind(
                    Not,
                ),
            },
            contexts: [
                (
                    LocatedSpan {
                        offset: 0,
                        line: 1,
                        fragment: "true_",
                        extra: (),
                    },
                    Context(
                        "Keyword",
                    ),
                ),
            ],
        },
    ),
)
