---
source: src/parser.rs
expression: "ident_expr(\"a\".into())"
---
Ok(
    (
        LocatedSpan {
            offset: 1,
            line: 1,
            fragment: "",
            extra: (),
        },
        Ast {
            node: Ident(
                Ident(
                    "a",
                ),
            ),
            span: LocatedSpan {
                offset: 0,
                line: 1,
                fragment: "a",
                extra: (),
            },
        },
    ),
)
