---
source: src/parser.rs
expression: "fn_statement(\"fn \".into())"
---
Err(
    Failure(
        Stack {
            base: Base {
                location: LocatedSpan {
                    offset: 3,
                    line: 1,
                    fragment: "",
                    extra: (),
                },
                kind: Expected(
                    Alpha,
                ),
            },
            contexts: [
                (
                    LocatedSpan {
                        offset: 3,
                        line: 1,
                        fragment: "",
                        extra: (),
                    },
                    Context(
                        "Identifier",
                    ),
                ),
                (
                    LocatedSpan {
                        offset: 0,
                        line: 1,
                        fragment: "fn ",
                        extra: (),
                    },
                    Context(
                        "Function declaration",
                    ),
                ),
            ],
        },
    ),
)
