---
source: src/parser.rs
expression: "expr(r#\"\"test\".haha\"#.into())"
---
Ok(
    (
        LocatedSpan {
            offset: 11,
            line: 1,
            fragment: "",
            extra: (),
        },
        Ast {
            node: AccessAttribute {
                source: Ast {
                    node: Literal(
                        String(
                            u!("test"),
                        ),
                    ),
                    span: LocatedSpan {
                        offset: 0,
                        line: 1,
                        fragment: "\"test\"",
                        extra: (),
                    },
                },
                attribute: u!("haha"),
            },
            span: LocatedSpan {
                offset: 6,
                line: 1,
                fragment: ".haha",
                extra: (),
            },
        },
    ),
)
