---
source: src/parser.rs
expression: "fn_statement(\"fn only_ident\".into())"
---
Err(
    Error(
        VerboseError {
            errors: [
                (
                    LocatedSpan {
                        offset: 13,
                        line: 1,
                        fragment: "",
                        extra: (),
                    },
                    Char(
                        '(',
                    ),
                ),
                (
                    LocatedSpan {
                        offset: 13,
                        line: 1,
                        fragment: "",
                        extra: (),
                    },
                    Context(
                        "Function arguments",
                    ),
                ),
                (
                    LocatedSpan {
                        offset: 0,
                        line: 1,
                        fragment: "fn only_ident",
                        extra: (),
                    },
                    Context(
                        "Function declaration",
                    ),
                ),
            ],
        },
    ),
)
